[2026-07-16T15:00:03.822Z] TGT alındı (HTTP 201)
[2026-07-16T15:00:05.116Z] havza listesi: 17 havza
[2026-07-16T15:00:07.381Z] eşleme: 116 baraj
[2026-07-16T15:00:07.502Z] active-fullness: 88 kayıt, 1 sayfa
[2026-07-16T15:00:07.619Z] daily-kot: 88 kayıt, 1 sayfa
[2026-07-16T15:00:07.761Z] daily-volume: 88 kayıt, 1 sayfa
[2026-07-16T15:00:07.765Z] normalize tamam: 88 baraj kaydı → data/canli/baraj.json
[2026-07-16T15:00:09Z] deploy hook tetiklendi (HTTP 200)
[2026-07-17T05:06:57Z] deploy hook tetiklendi (HTTP 200)
[2026-07-17T05:09:46Z] deploy hook BAŞARISIZ (304) — arşiv yazıldı, pipeline başarılı sayılır; gerekirse manuel deploy
[2026-07-17T15:00:02.372Z] TGT alındı (HTTP 201)
[2026-07-17T15:00:04.804Z] havza listesi: 17 havza
[2026-07-17T15:00:06.784Z] eşleme: 116 baraj
[2026-07-17T15:00:06.908Z] active-fullness: 88 kayıt, 1 sayfa
[2026-07-17T15:00:07.017Z] daily-kot: 88 kayıt, 1 sayfa
[2026-07-17T15:00:07.112Z] daily-volume: 88 kayıt, 1 sayfa
[2026-07-17T15:00:07.117Z] normalize tamam: 88 baraj kaydı → data/canli/baraj.json
[2026-07-17T15:00:10Z] deploy hook tetiklendi (HTTP 200)
[2026-07-18T15:00:02.670Z] TGT alındı (HTTP 201)
[2026-07-18T15:00:04.001Z] havza listesi: 17 havza
[2026-07-18T15:00:05.696Z] eşleme: 116 baraj
[2026-07-18T15:00:05.810Z] active-fullness: 88 kayıt, 1 sayfa
[2026-07-18T15:00:05.923Z] daily-kot: 88 kayıt, 1 sayfa
[2026-07-18T15:00:06.022Z] daily-volume: 88 kayıt, 1 sayfa
[2026-07-18T15:00:06.024Z] normalize tamam: 88 baraj kaydı → data/canli/baraj.json
[2026-07-18T15:00:08Z] deploy hook tetiklendi (HTTP 200)
[2026-07-19T15:00:02.472Z] TGT alındı (HTTP 201)
[2026-07-19T15:00:03.107Z] havza listesi: 17 havza
[2026-07-19T15:00:04.805Z] eşleme: 116 baraj
[2026-07-19T15:00:04.918Z] active-fullness: 88 kayıt, 1 sayfa
[2026-07-19T15:00:05.016Z] daily-kot: 88 kayıt, 1 sayfa
[2026-07-19T15:00:05.127Z] daily-volume: 88 kayıt, 1 sayfa
[2026-07-19T15:00:05.130Z] normalize tamam: 88 baraj kaydı → data/canli/baraj.json
[2026-07-19T15:00:07Z] deploy hook tetiklendi (HTTP 200)
[2026-07-20T15:00:02.129Z] TGT alındı (HTTP 201)
[2026-07-20T15:00:02.807Z] havza listesi: 17 havza
[2026-07-20T15:00:04.711Z] eşleme: 116 baraj
[2026-07-20T15:00:04.833Z] active-fullness: 89 kayıt, 1 sayfa
[2026-07-20T15:00:04.937Z] daily-kot: 89 kayıt, 1 sayfa
[2026-07-20T15:00:05.044Z] daily-volume: 89 kayıt, 1 sayfa
[2026-07-20T15:00:05.048Z] normalize tamam: 89 baraj kaydı → data/canli/baraj.json
[2026-07-20T15:00:09Z] deploy hook tetiklendi (HTTP 200)
[2026-07-21T15:00:02.564Z] TGT alındı (HTTP 201)
[2026-07-21T15:00:03.047Z] havza listesi: 17 havza
[2026-07-21T15:00:05.035Z] eşleme: 116 baraj
[2026-07-21T15:00:05.154Z] active-fullness: 89 kayıt, 1 sayfa
[2026-07-21T15:00:05.267Z] daily-kot: 89 kayıt, 1 sayfa
[2026-07-21T15:00:05.433Z] daily-volume: 89 kayıt, 1 sayfa
[2026-07-21T15:00:05.436Z] normalize tamam: 89 baraj kaydı → data/canli/baraj.json
[2026-07-21T15:00:08Z] deploy hook tetiklendi (HTTP 200)
[2026-07-22T15:00:02.533Z] TGT alındı (HTTP 201)
[2026-07-22T15:00:02.998Z] havza listesi: 17 havza
[2026-07-22T15:00:05.091Z] eşleme: 116 baraj
[2026-07-22T15:00:05.220Z] active-fullness: 89 kayıt, 1 sayfa
[2026-07-22T15:00:05.370Z] daily-kot: 89 kayıt, 1 sayfa
[2026-07-22T15:00:05.525Z] daily-volume: 89 kayıt, 1 sayfa
[2026-07-22T15:00:05.530Z] normalize tamam: 89 baraj kaydı → data/canli/baraj.json
[2026-07-23T15:00:02.019Z] TGT alındı (HTTP 201)
[2026-07-23T15:00:02.531Z] havza listesi: 17 havza
[2026-07-23T15:00:04.383Z] eşleme: 116 baraj
[2026-07-23T15:00:04.491Z] active-fullness: 89 kayıt, 1 sayfa
[2026-07-23T15:00:04.596Z] daily-kot: 89 kayıt, 1 sayfa
[2026-07-23T15:00:04.714Z] daily-volume: 89 kayıt, 1 sayfa
[2026-07-23T15:00:04.722Z] normalize tamam: 89 baraj kaydı → data/canli/baraj.json
error: cannot pull with rebase: Your index contains uncommitted changes.
error: Please commit or stash them.
fatal: No rebase in progress?
[2026-07-23T15:00:09Z] deploy hook tetiklendi (HTTP 200)
[2026-07-24T15:00:02.146Z] TGT alındı (HTTP 201)
[2026-07-24T15:00:02.715Z] havza listesi: 17 havza
[2026-07-24T15:00:04.684Z] eşleme: 116 baraj
[2026-07-24T15:00:04.808Z] active-fullness: 89 kayıt, 1 sayfa
[2026-07-24T15:00:04.929Z] daily-kot: 89 kayıt, 1 sayfa
[2026-07-24T15:00:05.074Z] daily-volume: 89 kayıt, 1 sayfa
[2026-07-24T15:00:05.081Z] normalize tamam: 89 baraj kaydı → data/canli/baraj.json
